[Licensing::Module] Trying to connect to existing licensing client channel...
Built from '6000.3/staging' branch; Version is '6000.3.17f1 (cf0352b38e81) revision 13566802'; Using compiler version '194234433'; Build Type 'Release'
[Licensing::IpcConnector] Successfully connected to: "LicenseClient-M S I" at "2026-06-09T06:25:32.0653024Z"
OS: 'Windows 11  (10.0.26200) CoreSingleLanguage' Language: 'en' Physical Memory: 24418 MB
BatchMode: 1, IsHumanControllingUs: 0, StartBugReporterOnCrash: 0, Is64bit: 1
System  architecture: x64
Process architecture: x64
Date: 2026-06-09T06:25:32Z

COMMAND LINE ARGUMENTS:
C:\Program Files\Unity\Hub\Editor\6000.3.17f1\Editor\Unity.exe
-adb2
-batchMode
-noUpm
-name
AssetImportWorker2
-projectPath
D:/Unity Projects/ActionRPG-Mobile
-logFile
Logs/AssetImportWorker2.log
-srvPort
49399
-licensingIpc
LicenseClient-M S I
-job-worker-count
5
-background-job-worker-count
8
-gc-helper-count
1
-name
AssetImport
Successfully changed project path to: D:/Unity Projects/ActionRPG-Mobile
D:/Unity Projects/ActionRPG-Mobile
[UnityMemory] Configuration Parameters - Can be set up in boot.config
    "memorysetup-temp-allocator-size-nav-mesh-worker=65536"
    "memorysetup-temp-allocator-size-audio-worker=65536"
    "memorysetup-temp-allocator-size-gfx=262144"
    "memorysetup-allocator-temp-initial-block-size-main=262144"
    "memorysetup-allocator-temp-initial-block-size-worker=262144"
    "memorysetup-temp-allocator-size-background-worker=32768"
    "memorysetup-temp-allocator-size-job-worker=262144"
    "memorysetup-temp-allocator-size-preload-manager=33554432"
    "memorysetup-temp-allocator-size-gi-baking-worker=262144"
    "memorysetup-temp-allocator-size-gi-baking-worker=262144"
    "memorysetup-temp-allocator-size-gi-baking-worker=262144"
    "memorysetup-temp-allocator-size-gi-baking-worker=262144"
    "memorysetup-temp-allocator-size-gi-baking-worker=262144"
    "memorysetup-bucket-allocator-granularity=16"
    "memorysetup-bucket-allocator-bucket-count=8"
    "memorysetup-bucket-allocator-block-size=33554432"
    "memorysetup-bucket-allocator-block-count=8"
    "memorysetup-main-allocator-block-size=16777216"
    "memorysetup-thread-allocator-block-size=16777216"
    "memorysetup-gfx-main-allocator-block-size=16777216"
    "memorysetup-gfx-thread-allocator-block-size=16777216"
    "memorysetup-cache-allocator-block-size=4194304"
    "memorysetup-typetree-allocator-block-size=2097152"
    "memorysetup-profiler-bucket-allocator-granularity=16"
    "memorysetup-profiler-bucket-allocator-bucket-count=8"
    "memorysetup-profiler-bucket-allocator-block-size=33554432"
    "memorysetup-profiler-bucket-allocator-block-count=8"
    "memorysetup-profiler-allocator-block-size=16777216"
    "memorysetup-profiler-editor-allocator-block-size=1048576"
    "memorysetup-temp-allocator-size-main=16777216"
    "memorysetup-job-temp-allocator-block-size=2097152"
    "memorysetup-job-temp-allocator-block-size-background=1048576"
    "memorysetup-job-temp-allocator-reduction-small-platforms=262144"
    "memorysetup-temp-allocator-size-cloud-worker=32768"
Player connection [19416]  Target information:

Player connection [19416]  * "[IP] 192.168.1.7 [Port] 0 [Flags] 2 [Guid] 2801328874 [EditorId] 2801328874 [Version] 1048832 [Id] WindowsEditor(7,DESKTOP-KJ5AGU7) [Debug] 1 [PackageName] WindowsEditor [ProjectName] Editor" 

Player connection [19416] Host joined multi-casting on [225.0.0.222:54997]...
Player connection [19416] Host joined alternative multi-casting on [225.0.0.222:34997]...
JobSystem: Creating JobQueue using job-worker-count value 5
Input System module state changed to: Initialized.
[Physics::Module] Initialized fallback backend.
[Physics::Module] Id: 0xdecafbad
Library Redirect Path: Library/
[Physics::Module] Selected backend.
[Physics::Module] Name: PhysX
[Physics::Module] Id: 0xf2b8ea05
[Physics::Module] SDK Version: 4.1.2
[Physics::Module] Integration Version: 1.0.0
[Physics::Module] Threading Mode: Multi-Threaded
Refreshing native plugins compatible for Editor in 0.00 ms, found 0 plugins.
Preloading 0 native plugins for Editor in 0.00 ms.
Initialize engine version: 6000.3.17f1 (cf0352b38e81)
[Subsystems] Discovering subsystems at path C:/Program Files/Unity/Hub/Editor/6000.3.17f1/Editor/Data/Resources/UnitySubsystems
[Subsystems] Discovering subsystems at path D:/Unity Projects/ActionRPG-Mobile/Assets
GfxDevice: creating device client; kGfxThreadingModeNonThreaded
d3d12: failed to query info queue interface (0x80004002).
Direct3D:
    Version:         Direct3D 12 [level 12.1]
    Renderer:        NVIDIA GeForce GTX 1050 (ID=0x1c92)
    Vendor:          NVIDIA
    VRAM:            4020 MB
    App VRAM Budget: 3417 MB
    Driver:          31.0.15.3179
Initialize mono
Mono path[0] = 'C:/Program Files/Unity/Hub/Editor/6000.3.17f1/Editor/Data/Managed'
Mono path[1] = 'C:/Program Files/Unity/Hub/Editor/6000.3.17f1/Editor/Data/MonoBleedingEdge/lib/mono/unityjit-win32'
Mono config path = 'C:/Program Files/Unity/Hub/Editor/6000.3.17f1/Editor/Data/MonoBleedingEdge/etc'
Using monoOptions --debugger-agent=transport=dt_socket,embedding=1,server=y,suspend=n,address=127.0.0.1:56360
Begin MonoManager ReloadAssembly
Registering precompiled unity dll's ...
Register platform support module: C:/Program Files/Unity/Hub/Editor/6000.3.17f1/Editor/Data/PlaybackEngines/WindowsStandaloneSupport/UnityEditor.WindowsStandalone.Extensions.dll
Registered in 0.003463 seconds.
- Loaded All Assemblies, in  0.902 seconds
Native extension for WindowsStandalone target not found
Package Manager log level set to [2]
[Package Manager] Failed to launch server process. Reason: Unity was launched with the -noUpm command-line argument
[Package Manager] Unable to send message (not connected to server process).
[Package Manager] Cannot connect to Unity Package Manager local server
ScheduleIndexationOnStartup MainProcess:False IndexOnStartup:True
Mono: successfully reloaded assembly
- Finished resetting the current domain, in  0.772 seconds
Domain Reload Profiling: 1671ms
	BeginReloadAssembly (256ms)
		ExecutionOrderSort (0ms)
		DisableScriptedObjects (0ms)
		BackupInstance (0ms)
		ReleaseScriptingObjects (0ms)
		CreateAndSetChildDomain (1ms)
	RebuildCommonClasses (72ms)
	RebuildNativeTypeToScriptingClass (30ms)
	initialDomainReloadingComplete (85ms)
	LoadAllAssembliesAndSetupDomain (454ms)
		LoadAssemblies (252ms)
		RebuildTransferFunctionScriptingTraits (0ms)
		AnalyzeDomain (450ms)
			TypeCache.Refresh (442ms)
				TypeCache.ScanAssembly (358ms)
			BuildScriptInfoCaches (0ms)
			ResolveRequiredComponents (1ms)
	FinalizeReload (773ms)
		ReleaseScriptCaches (0ms)
		RebuildScriptCaches (0ms)
		SetupLoadedEditorAssemblies (675ms)
			LogAssemblyErrors (0ms)
			InitializePlatformSupportModulesInManaged (79ms)
			SetLoadedEditorAssemblies (6ms)
			BeforeProcessingInitializeOnLoad (172ms)
			ProcessInitializeOnLoadAttributes (285ms)
			ProcessInitializeOnLoadMethodAttributes (133ms)
			AfterProcessingInitializeOnLoad (0ms)
			EditorAssembliesLoaded (0ms)
		ExecutionOrderSort2 (0ms)
		AwakeInstancesAfterBackupRestoration (0ms)
========================================================================
Worker process is ready to serve import requests
Import Worker Mode flag is 0x00
Begin MonoManager ReloadAssembly
[Licensing::Module] Licensing is not yet initialized.
[Licensing::Client] Error: HandshakeResponse reported an error:
	ResponseCode: 505
	ResponseStatus: Unsupported protocol version '1.18.1'.
[Licensing::Module] Error: Failed to handshake to channel: "LicenseClient-M S I"
[Licensing::IpcConnector] LicenseClient-M S I channel disconnected successfully.
[Licensing::IpcConnector] Successfully connected to: "LicenseClient-M S I-6000.3.17" at "2026-06-09T06:25:36.3331563Z"
[Licensing::Client] Code 10 while verifying Licensing Client signature (process Id: 29780, path: "C:/Program Files/Unity/Hub/Editor/6000.3.17f1/Editor/Data/Resources/Licensing/Client/Unity.Licensing.Client.exe")
[Licensing::Module] LicensingClient has failed validation; ignoring
[Licensing::Client] Handshaking with LicensingClient:
  Version:                 1.18.1+9fbee8e
  Session Id:              68d8dc548d724adcb84cc9cb1902ab01
  Correlation Id:          0e04041ce665a4b2529f55cde4ed2f4d
  External correlation Id: 3682416865261833909
  Machine Id:              SnflQTd7zHko6TrF4ATCw93AUFk=
[Licensing::Module] Successfully connected to LicensingClient on channel: "LicenseClient-M S I-6000.3.17" (connect: 0.00s, validation: 0.00s, handshake: 0.01s)
[Licensing::IpcConnector] Successfully connected to: "LicenseClient-M S I-6000.3.17-notifications" at "2026-06-09T06:25:36.3498734Z"
[Licensing::Module] Licensing Background thread has ended after 4.29s
[Licensing::Module] Licensing is initialized (took 1.04s).
[Licensing::Client] Successfully resolved entitlement details
[Licensing::Module] License group:
  Id: 18967485303500-UnityPersXXXX
  Product: Unity Personal
  Type: Assigned
  Expiration: Unlimited
- Loaded All Assemblies, in  1.531 seconds
Refreshing native plugins compatible for Editor in 0.00 ms, found 0 plugins.
Native extension for WindowsStandalone target not found
[Package Manager] Failed to launch server process. Reason: Unity was launched with the -noUpm command-line argument
[Package Manager] Unable to send message (not connected to server process).
[Package Manager] Cannot connect to Unity Package Manager local server
ScheduleIndexationOnStartup MainProcess:False IndexOnStartup:True
Mono: successfully reloaded assembly
- Finished resetting the current domain, in  0.523 seconds
Domain Reload Profiling: 2051ms
	BeginReloadAssembly (1359ms)
		ExecutionOrderSort (0ms)
		DisableScriptedObjects (10ms)
		BackupInstance (0ms)
		ReleaseScriptingObjects (0ms)
		CreateAndSetChildDomain (39ms)
	RebuildCommonClasses (86ms)
	RebuildNativeTypeToScriptingClass (26ms)
	initialDomainReloadingComplete (36ms)
	LoadAllAssembliesAndSetupDomain (20ms)
		LoadAssemblies (195ms)
		RebuildTransferFunctionScriptingTraits (0ms)
		AnalyzeDomain (15ms)
			TypeCache.Refresh (9ms)
				TypeCache.ScanAssembly (3ms)
			BuildScriptInfoCaches (2ms)
			ResolveRequiredComponents (1ms)
	FinalizeReload (524ms)
		ReleaseScriptCaches (0ms)
		RebuildScriptCaches (0ms)
		SetupLoadedEditorAssemblies (363ms)
			LogAssemblyErrors (0ms)
			InitializePlatformSupportModulesInManaged (3ms)
			SetLoadedEditorAssemblies (5ms)
			BeforeProcessingInitializeOnLoad (136ms)
			ProcessInitializeOnLoadAttributes (165ms)
			ProcessInitializeOnLoadMethodAttributes (47ms)
			AfterProcessingInitializeOnLoad (7ms)
			EditorAssembliesLoaded (0ms)
		ExecutionOrderSort2 (0ms)
		AwakeInstancesAfterBackupRestoration (11ms)
Launched and connected shader compiler UnityShaderCompiler.exe after 0.01 seconds
Refreshing native plugins compatible for Editor in 0.00 ms, found 0 plugins.
Preloading 0 native plugins for Editor in 0.00 ms.
Unloading 0 Unused Serialized files (Serialized files now loaded: 0)
Unloading 82 unused Assets / (4.0 KB). Loaded Objects now: 673.
Memory consumption went from 63.8 MB to 63.8 MB.
Total: 5.032100 ms (FindLiveObjects: 0.056600 ms CreateObjectMapping: 0.013500 ms MarkObjects: 4.869500 ms  DeleteObjects: 0.091600 ms)

========================================================================
Received Import Request.
  Time since last request: 6736.561837 seconds.
  path: Assets/ActionRPG/Scripts/DuckTown/Interaction/ItemPickUpInteraction.cs
  artifactKey: Guid(223ce121a09742e4aa7da32141e4963d) Importer(2089858483,b0f066a214c2f5e87bad3c948f4d605d)
Start importing Assets/ActionRPG/Scripts/DuckTown/Interaction/ItemPickUpInteraction.cs using Guid(223ce121a09742e4aa7da32141e4963d) Importer(2089858483,b0f066a214c2f5e87bad3c948f4d605d) (ScriptedImporter) -> (artifact id: 'c5f9e202e871af6b79c77cce5949c15f') in 0.1420858 seconds
Number of updated asset objects reloaded before import = 0Number of asset objects unloaded after import = 0

========================================================================
Received Prepare
Refreshing native plugins compatible for Editor in 0.00 ms, found 0 plugins.
Preloading 0 native plugins for Editor in 0.00 ms.
Unloading 0 Unused Serialized files (Serialized files now loaded: 0)
Unloading 80 unused Assets / (1.0 KB). Loaded Objects now: 675.
Memory consumption went from 64.6 MB to 64.6 MB.
Total: 5.075500 ms (FindLiveObjects: 0.069100 ms CreateObjectMapping: 0.014700 ms MarkObjects: 4.928700 ms  DeleteObjects: 0.061300 ms)

Prepare: number of updated asset objects reloaded= 0
========================================================================
Received Import Request.
  Time since last request: 22.757608 seconds.
  path: Assets/ActionRPG/Scripts/DuckTown/Core/DuckTownGameManager.cs
  artifactKey: Guid(9e10e6c08a04a5b4bb77483d07ec05e5) Importer(2089858483,b0f066a214c2f5e87bad3c948f4d605d)
Start importing Assets/ActionRPG/Scripts/DuckTown/Core/DuckTownGameManager.cs using Guid(9e10e6c08a04a5b4bb77483d07ec05e5) Importer(2089858483,b0f066a214c2f5e87bad3c948f4d605d) (ScriptedImporter) -> (artifact id: 'ae7988ea9b9a46afb7418b7eb9f8df20') in 0.0126774 seconds
Number of updated asset objects reloaded before import = 0Number of asset objects unloaded after import = 0

========================================================================
Received Prepare
Begin MonoManager ReloadAssembly
[Licensing::Client] Successfully resolved entitlement details
- Loaded All Assemblies, in  0.333 seconds
Refreshing native plugins compatible for Editor in 0.00 ms, found 0 plugins.
Native extension for WindowsStandalone target not found
[Package Manager] Failed to launch server process. Reason: Unity was launched with the -noUpm command-line argument
[Package Manager] Unable to send message (not connected to server process).
[Package Manager] Cannot connect to Unity Package Manager local server
ScheduleIndexationOnStartup MainProcess:False IndexOnStartup:True
Mono: successfully reloaded assembly
- Finished resetting the current domain, in  0.450 seconds
Domain Reload Profiling: 780ms
	BeginReloadAssembly (220ms)
		ExecutionOrderSort (0ms)
		DisableScriptedObjects (7ms)
		BackupInstance (0ms)
		ReleaseScriptingObjects (0ms)
		CreateAndSetChildDomain (27ms)
	RebuildCommonClasses (53ms)
	RebuildNativeTypeToScriptingClass (17ms)
	initialDomainReloadingComplete (23ms)
	LoadAllAssembliesAndSetupDomain (16ms)
		LoadAssemblies (139ms)
		RebuildTransferFunctionScriptingTraits (0ms)
		AnalyzeDomain (12ms)
			TypeCache.Refresh (6ms)
				TypeCache.ScanAssembly (0ms)
			BuildScriptInfoCaches (3ms)
			ResolveRequiredComponents (1ms)
	FinalizeReload (451ms)
		ReleaseScriptCaches (0ms)
		RebuildScriptCaches (0ms)
		SetupLoadedEditorAssemblies (319ms)
			LogAssemblyErrors (0ms)
			InitializePlatformSupportModulesInManaged (2ms)
			SetLoadedEditorAssemblies (4ms)
			BeforeProcessingInitializeOnLoad (131ms)
			ProcessInitializeOnLoadAttributes (136ms)
			ProcessInitializeOnLoadMethodAttributes (40ms)
			AfterProcessingInitializeOnLoad (6ms)
			EditorAssembliesLoaded (0ms)
		ExecutionOrderSort2 (0ms)
		AwakeInstancesAfterBackupRestoration (9ms)
Refreshing native plugins compatible for Editor in 0.00 ms, found 0 plugins.
Preloading 0 native plugins for Editor in 0.00 ms.
Unloading 0 Unused Serialized files (Serialized files now loaded: 0)
Unloading 83 unused Assets / (1.0 KB). Loaded Objects now: 678.
Memory consumption went from 64.2 MB to 64.2 MB.
Total: 4.212900 ms (FindLiveObjects: 0.049400 ms CreateObjectMapping: 0.008400 ms MarkObjects: 4.115000 ms  DeleteObjects: 0.039100 ms)

Prepare: number of updated asset objects reloaded= 0
========================================================================
Received Import Request.
  Time since last request: 56.360179 seconds.
  path: Assets/ActionRPG
  artifactKey: Guid(6af8fd9bbf8160947a7cca8fc3712aac) Importer(815301076,1909f56bfc062723c751e8b465ee728b)
Start importing Assets/ActionRPG using Guid(6af8fd9bbf8160947a7cca8fc3712aac) Importer(815301076,1909f56bfc062723c751e8b465ee728b) (PreviewImporter) -> (artifact id: '92adce560161b19eefa9d52feeefc40c') in 0.0018955 seconds
Number of updated asset objects reloaded before import = 0Number of asset objects unloaded after import = 0

========================================================================
Received Import Request.
  Time since last request: 0.482175 seconds.
  path: Assets/ActionRPG/Scripts
  artifactKey: Guid(293c0063829e4674eab277b52ecc24b8) Importer(815301076,1909f56bfc062723c751e8b465ee728b)
Start importing Assets/ActionRPG/Scripts using Guid(293c0063829e4674eab277b52ecc24b8) Importer(815301076,1909f56bfc062723c751e8b465ee728b) (PreviewImporter) -> (artifact id: 'da84207474fef912cdd4492e5257f33b') in 0.0005044 seconds
Number of updated asset objects reloaded before import = 0Number of asset objects unloaded after import = 0

========================================================================
Received Import Request.
  Time since last request: 0.688557 seconds.
  path: Assets/ActionRPG/Scripts/DuckTown
  artifactKey: Guid(ed882fc7f394b324e92955f010bfd879) Importer(815301076,1909f56bfc062723c751e8b465ee728b)
Start importing Assets/ActionRPG/Scripts/DuckTown using Guid(ed882fc7f394b324e92955f010bfd879) Importer(815301076,1909f56bfc062723c751e8b465ee728b) (PreviewImporter) -> (artifact id: 'c4e8f0f7f04d4052fa0aaddcc2446ec2') in 0.0004906 seconds
Number of updated asset objects reloaded before import = 0Number of asset objects unloaded after import = 0

========================================================================
Received Import Request.
  Time since last request: 4.020753 seconds.
  path: Assets/ActionRPG/Scripts/DuckTown/Interaction
  artifactKey: Guid(edc2525705b58294a8da44ed6d6afaae) Importer(815301076,1909f56bfc062723c751e8b465ee728b)
Start importing Assets/ActionRPG/Scripts/DuckTown/Interaction using Guid(edc2525705b58294a8da44ed6d6afaae) Importer(815301076,1909f56bfc062723c751e8b465ee728b) (PreviewImporter) -> (artifact id: 'f5e6621f8c0b4b840f1e13032eadf9c0') in 0.0007514 seconds
Number of updated asset objects reloaded before import = 0Number of asset objects unloaded after import = 0

========================================================================
Received Import Request.
  Time since last request: 1.503624 seconds.
  path: Assets/ActionRPG/Scripts/DuckTown/Core
  artifactKey: Guid(62f263d991b04f14bbf5f487ac232666) Importer(815301076,1909f56bfc062723c751e8b465ee728b)
Start importing Assets/ActionRPG/Scripts/DuckTown/Core using Guid(62f263d991b04f14bbf5f487ac232666) Importer(815301076,1909f56bfc062723c751e8b465ee728b) (PreviewImporter) -> (artifact id: '746b1df17b0d12aefc45501493d9af18') in 0.0004788 seconds
Number of updated asset objects reloaded before import = 0Number of asset objects unloaded after import = 0

========================================================================
Received Import Request.
  Time since last request: 5.429841 seconds.
  path: Assets/ActionRPG/Scripts/DuckTown/Gold
  artifactKey: Guid(6543c45d8c82d6a4e838a71629c55737) Importer(815301076,1909f56bfc062723c751e8b465ee728b)
Start importing Assets/ActionRPG/Scripts/DuckTown/Gold using Guid(6543c45d8c82d6a4e838a71629c55737) Importer(815301076,1909f56bfc062723c751e8b465ee728b) (PreviewImporter) -> (artifact id: '9ad6198759278d63dfb93ea692426059') in 0.0005013 seconds
Number of updated asset objects reloaded before import = 0Number of asset objects unloaded after import = 0

========================================================================
Received Import Request.
  Time since last request: 2.838423 seconds.
  path: Assets/ActionRPG/Scripts/DuckTown/Interfaces
  artifactKey: Guid(12b72926ba904e647a2abe7127bd43f5) Importer(815301076,1909f56bfc062723c751e8b465ee728b)
Start importing Assets/ActionRPG/Scripts/DuckTown/Interfaces using Guid(12b72926ba904e647a2abe7127bd43f5) Importer(815301076,1909f56bfc062723c751e8b465ee728b) (PreviewImporter) -> (artifact id: '143b9558475a68407679d7b2efe01b45') in 0.0004606 seconds
Number of updated asset objects reloaded before import = 0Number of asset objects unloaded after import = 0

========================================================================
Received Import Request.
  Time since last request: 0.959162 seconds.
  path: Assets/ActionRPG/Scripts/DuckTown/Inventory
  artifactKey: Guid(2b4f10fabcceb12448fc5be2f6924021) Importer(815301076,1909f56bfc062723c751e8b465ee728b)
Start importing Assets/ActionRPG/Scripts/DuckTown/Inventory using Guid(2b4f10fabcceb12448fc5be2f6924021) Importer(815301076,1909f56bfc062723c751e8b465ee728b) (PreviewImporter) -> (artifact id: '79a2532932bf46515800ce088400df3a') in 0.0006774 seconds
Number of updated asset objects reloaded before import = 0Number of asset objects unloaded after import = 0

========================================================================
Received Import Request.
  Time since last request: 1.551274 seconds.
  path: Assets/ActionRPG/Scripts/DuckTown/Shop
  artifactKey: Guid(51a050bfec7e8aa4eb9c14536bd78f5f) Importer(815301076,1909f56bfc062723c751e8b465ee728b)
Start importing Assets/ActionRPG/Scripts/DuckTown/Shop using Guid(51a050bfec7e8aa4eb9c14536bd78f5f) Importer(815301076,1909f56bfc062723c751e8b465ee728b) (PreviewImporter) -> (artifact id: '37c77511e6759736dc5b568f8aaec00b') in 0.0006956 seconds
Number of updated asset objects reloaded before import = 0Number of asset objects unloaded after import = 0

========================================================================
Received Import Request.
  Time since last request: 1.467985 seconds.
  path: Assets/ActionRPG/Scripts/DuckTown/Skills
  artifactKey: Guid(91396b8f5c3968942a9ec03bfef44edc) Importer(815301076,1909f56bfc062723c751e8b465ee728b)
Start importing Assets/ActionRPG/Scripts/DuckTown/Skills using Guid(91396b8f5c3968942a9ec03bfef44edc) Importer(815301076,1909f56bfc062723c751e8b465ee728b) (PreviewImporter) -> (artifact id: '62afa77e67d5cb8e06d5b1f2187a4aa7') in 0.0004838 seconds
Number of updated asset objects reloaded before import = 0Number of asset objects unloaded after import = 0

========================================================================
Received Import Request.
  Time since last request: 1.624038 seconds.
  path: Assets/ActionRPG/Scripts/DuckTown/UI
  artifactKey: Guid(eaf01404f532ed845bb55fa0eff6a270) Importer(815301076,1909f56bfc062723c751e8b465ee728b)
Start importing Assets/ActionRPG/Scripts/DuckTown/UI using Guid(eaf01404f532ed845bb55fa0eff6a270) Importer(815301076,1909f56bfc062723c751e8b465ee728b) (PreviewImporter) -> (artifact id: 'f6b0123fcdc86aa017a114a681b6dbdd') in 0.0004999 seconds
Number of updated asset objects reloaded before import = 0Number of asset objects unloaded after import = 0

